
> warecast-app@0.1.0 build
> next build

   ▲ Next.js 15.5.2
   - Environments: .env.local
   - Experiments (use with caution):
     · optimizePackageImports

   Creating an optimized production build ...
 ✓ Compiled successfully in 3.9s
   Linting and checking validity of types ...

./app/abonnement/page.tsx
7:17  Warning: 'CreditCard' is defined but never used.  @typescript-eslint/no-unused-vars
31:5  Warning: 'subscribe' is assigned a value but never used.  @typescript-eslint/no-unused-vars
32:5  Warning: 'cancelSubscription' is assigned a value but never used.  @typescript-eslint/no-unused-vars
169:9  Warning: 'formatPrice' is assigned a value but never used.  @typescript-eslint/no-unused-vars
173:9  Warning: 'calculateSavings' is assigned a value but never used.  @typescript-eslint/no-unused-vars

./app/api/subscriptions/cancel/route.ts
15:28  Warning: 'request' is defined but never used.  @typescript-eslint/no-unused-vars

./app/api/subscriptions/reactivate/route.ts
15:28  Warning: 'request' is defined but never used.  @typescript-eslint/no-unused-vars

./app/film/[id]/page.tsx
13:15  Warning: 'MoviePlayData' is defined but never used.  @typescript-eslint/no-unused-vars

./app/formules/page.tsx
7:17  Warning: 'CreditCard' is defined but never used.  @typescript-eslint/no-unused-vars
7:29  Warning: 'Sparkles' is defined but never used.  @typescript-eslint/no-unused-vars
7:52  Warning: 'Film' is defined but never used.  @typescript-eslint/no-unused-vars
31:5  Warning: 'subscribe' is assigned a value but never used.  @typescript-eslint/no-unused-vars
32:5  Warning: 'cancelSubscription' is assigned a value but never used.  @typescript-eslint/no-unused-vars
169:9  Warning: 'formatPrice' is assigned a value but never used.  @typescript-eslint/no-unused-vars
173:9  Warning: 'calculateSavings' is assigned a value but never used.  @typescript-eslint/no-unused-vars

./components/movie-player/resume-modal.tsx
3:10  Warning: 'useEffect' is defined but never used.  @typescript-eslint/no-unused-vars

./components/movie-player/video-player.tsx
94:16  Warning: 'error' is defined but never used.  @typescript-eslint/no-unused-vars

./components/ui/play-button-improved.tsx
134:33  Warning: 'tooltipMessage' is assigned a value but never used.  @typescript-eslint/no-unused-vars

info  - Need to disable some ESLint rules? Learn more here: https://nextjs.org/docs/app/api-reference/config/eslint#disabling-rules
Failed to compile.

./lib/env.ts:34:33
Type error: Property 'errors' does not exist on type 'ZodError<unknown>'.

[0m [90m 32 |[39m   } [36mcatch[39m (error) {
 [90m 33 |[39m     [36mif[39m (error [36minstanceof[39m z[33m.[39m[33mZodError[39m) {
[31m[1m>[22m[39m[90m 34 |[39m       [36mconst[39m missingVars [33m=[39m error[33m.[39merrors[33m.[39mmap(err [33m=>[39m [32m`  - ${err.path.join('.')}: ${err.message}`[39m)[33m.[39mjoin([32m'\n'[39m)
 [90m    |[39m                                 [31m[1m^[22m[39m
 [90m 35 |[39m
 [90m 36 |[39m       console[33m.[39merror([32m'❌ Variables d\'environnement invalides ou manquantes:\n'[39m)
 [90m 37 |[39m       console[33m.[39merror(missingVars)[0m
Next.js build worker exited with code: 1 and signal: null
